> /home/aiotlab/projects/cuongdm/MEC1/mec.py(110)<module>()
-> print('previous')
(Pdb) n
previous
> /home/aiotlab/projects/cuongdm/MEC1/mec.py(111)<module>()
-> for name, param in model.named_parameters():
(Pdb) n
> /home/aiotlab/projects/cuongdm/MEC1/mec.py(112)<module>()
-> if param.requires_grad:
(Pdb) n
> /home/aiotlab/projects/cuongdm/MEC1/mec.py(113)<module>()
-> print (name, param.data)
(Pdb) n
model.conv1.weight tensor([[[[ 1.1840e-01, -5.6328e-02,  8.7232e-02,  5.3856e-02,  6.8085e-02],
          [-1.0828e-01,  1.1860e-01,  5.2510e-02, -1.0064e-01, -9.6459e-02],
          [ 9.3863e-02, -9.0007e-03,  1.0008e-01, -1.2575e-01,  4.0519e-02],
          [ 1.1453e-01, -9.3571e-02, -4.1066e-02, -9.5453e-02,  7.2145e-02],
          [-4.3675e-02,  2.6632e-02,  1.2016e-02, -7.7706e-02, -1.3913e-01]],
         [[ 9.8246e-02,  2.4046e-02, -1.1111e-01,  5.8684e-03,  4.1452e-02],
          [-9.5206e-02, -8.5127e-03,  8.9499e-02, -9.4118e-02,  8.9245e-02],
          [-4.2040e-02,  1.3604e-01,  1.2329e-02, -1.2316e-01, -1.0436e-01],
          [ 1.2323e-01, -4.6121e-02,  2.6538e-02,  4.7249e-02, -2.1471e-02],
          [-1.1874e-01,  1.3803e-01,  2.0974e-02,  5.2702e-02,  1.2515e-01]]],
        [[[ 4.5172e-02, -3.9616e-02,  3.7076e-02,  5.7919e-02,  7.0018e-02],
          [ 7.1973e-02,  6.3372e-02,  9.9842e-02, -1.6641e-02,  1.2667e-01],
          [-1.3526e-01,  1.3596e-01, -1.1340e-01, -1.3814e-01,  1.3500e-01],
          [-4.5733e-02, -4.3252e-02, -2.6527e-02, -1.1478e-01,  9.4601e-03],
          [ 1.0475e-02,  3.2076e-02,  4.8413e-02,  5.3826e-02,  6.8112e-02]],
         [[-5.3576e-03,  3.7045e-02,  5.0388e-03, -6.3621e-02, -1.1571e-01],
          [ 1.4005e-01, -1.2820e-01, -1.3509e-01,  1.1350e-01, -2.9071e-02],
          [ 6.7645e-02, -5.5039e-02, -9.7754e-02,  7.7545e-02,  5.1619e-02],
          [ 1.1808e-01,  5.4627e-02,  2.4973e-02, -7.1351e-02,  1.7703e-02],
          [ 9.9679e-03, -1.3419e-01, -9.1521e-02, -1.6499e-02, -1.2639e-01]]],
        [[[ 1.2751e-01, -7.8327e-02, -6.0491e-02,  9.3634e-02, -1.4324e-03],
          [ 1.3980e-01, -1.0317e-02, -1.3189e-01, -2.2425e-03,  1.3724e-01],
          [ 1.1108e-01,  3.0992e-02,  3.5401e-02,  1.1209e-01,  1.3183e-01],
          [ 3.7616e-02,  5.6786e-02, -7.3944e-02, -6.6539e-02, -1.3605e-05],
          [ 9.8569e-02, -1.1464e-02,  6.4548e-02, -4.0300e-02, -8.9382e-02]],
         [[ 3.2464e-02, -1.0457e-02,  4.6269e-02,  5.2857e-02,  1.3937e-02],
          [ 8.3011e-02, -1.2691e-01, -9.9107e-02,  6.3196e-02, -1.1400e-02],
          [-9.5886e-03, -1.2246e-01,  6.7201e-02,  3.6032e-02,  9.4740e-02],
          [ 9.5284e-02,  6.1052e-02,  9.5264e-02, -2.8135e-02, -6.5964e-02],
          [-1.5382e-02,  8.3659e-02,  1.2009e-01,  1.3200e-01, -7.1399e-02]]],
        ...,
        [[[ 1.3934e-01, -7.3046e-02,  7.2447e-02, -1.0803e-01, -1.0710e-01],
          [ 1.0286e-01, -8.1981e-02, -1.1540e-01,  2.0882e-03, -1.3204e-01],
          [-5.1357e-02,  2.8855e-02,  7.2756e-02,  1.2113e-01, -1.1256e-01],
          [-1.0503e-02, -3.1405e-02,  1.0278e-01, -1.1303e-01, -6.2824e-03],
          [ 3.9321e-03,  1.2074e-01,  3.6534e-02, -1.9169e-02,  1.1215e-01]],
         [[ 7.8439e-02,  7.5607e-02,  2.2173e-02, -3.5403e-02,  1.1644e-01],
          [-3.4997e-02,  1.3099e-01,  6.7952e-02,  1.0019e-02,  2.9080e-03],
          [-4.9187e-02,  4.5327e-02, -1.3107e-01,  5.0133e-02,  2.9739e-02],
          [-3.1868e-02,  1.2796e-01,  2.7870e-02,  4.3115e-02, -7.8818e-02],
          [ 1.0128e-02, -7.9926e-02, -1.0328e-01, -4.8236e-02,  6.7292e-02]]],
        [[[-7.2352e-02,  1.1395e-01,  4.7402e-02, -5.3512e-02, -8.3990e-02],
          [ 6.4760e-02,  1.0085e-02,  6.3251e-02,  6.4980e-02,  8.7324e-03],
          [-1.7886e-02,  9.8922e-02,  8.5701e-02,  1.2723e-01,  1.3791e-01],
          [ 1.3936e-01, -2.8497e-02,  1.0974e-01, -1.7045e-02, -8.7277e-02],
          [ 1.2040e-01,  8.1430e-02, -6.7380e-02, -9.1960e-02,  5.4473e-02]],
         [[-1.3275e-01, -7.6985e-02, -8.0502e-03,  5.2382e-02, -6.0001e-02],
          [-8.6957e-02,  4.1339e-02,  1.3321e-02, -3.6874e-02,  1.1551e-02],
          [-1.3523e-01, -1.3511e-01, -4.2352e-02, -1.1164e-01,  1.3011e-01],
          [-1.1758e-01,  5.7610e-02,  2.7230e-02,  4.1286e-02, -6.4359e-02],
          [ 1.0167e-01, -4.5238e-02,  7.9487e-02, -1.6420e-02,  1.1135e-01]]],
        [[[-1.3321e-01,  2.2564e-02, -2.0302e-02,  5.9873e-02,  1.3969e-01],
          [-1.2622e-01,  3.5854e-02, -1.1931e-01, -1.3319e-01,  1.7196e-02],
          [ 7.3840e-02, -4.8333e-02,  2.2467e-02,  5.9409e-02,  3.6037e-02],
          [ 8.7000e-02, -9.3077e-03, -1.1219e-01, -3.6604e-02,  2.1502e-02],
          [-8.5194e-02,  7.6728e-02,  2.4860e-02,  1.8352e-02, -6.9498e-02]],
         [[-5.1926e-02, -5.4824e-03, -1.1229e-01, -1.1274e-01, -5.6548e-02],
          [-6.2417e-02, -5.8394e-02, -3.6993e-02, -1.0371e-02, -1.7392e-02],
          [ 1.1113e-01,  6.3660e-03, -7.5925e-02,  1.3475e-01,  5.3517e-02],
          [-9.5672e-02,  8.4014e-02, -3.4588e-02,  5.9101e-02,  3.6589e-02],
          [ 1.3978e-01, -1.1457e-01,  8.5009e-03, -4.7154e-02, -1.0285e-01]]]],
       device='cuda:0')
> /home/aiotlab/projects/cuongdm/MEC1/mec.py(111)<module>()
-> for name, param in model.named_parameters():

(Pdb) n
> /home/aiotlab/projects/cuongdm/MEC1/mec.py(112)<module>()
-> if param.requires_grad:
(Pdb) n
> /home/aiotlab/projects/cuongdm/MEC1/mec.py(113)<module>()
-> print (name, param.data)
        -0.0315,  0.1221,  0.0946,  0.1092,  0.0042, -0.0824,  0.1336,  0.1263,
model.conv1.bias tensor([ 0.0250, -0.0425,  0.1126,  0.0321, -0.0333, -0.0686, -0.0283, -0.0139,
        -0.0315,  0.1221,  0.0946,  0.1092,  0.0042, -0.0824,  0.1336,  0.1263,
         0.0668, -0.1313,  0.1065, -0.1230,  0.0127,  0.1156,  0.1406, -0.0431,
         0.0461, -0.0219, -0.1200, -0.0934,  0.0467,  0.0195, -0.0080,  0.0459],
       device='cuda:0')
> /home/aiotlab/projects/cuongdm/MEC1/mec.py(111)<module>()
-> for name, param in model.named_parameters():
(Pdb) n
> /home/aiotlab/projects/cuongdm/MEC1/mec.py(112)<module>()
-> if param.requires_grad:
(Pdb) n
> /home/aiotlab/projects/cuongdm/MEC1/mec.py(113)<module>()
-> print (name, param.data)
(Pdb)
          [ 5.0742e-02,  1.8344e-02,  2.0956e-02],
          [-5.1292e-03,  1.1901e-02,  9.9010e-03]],
         [[-5.7604e-02,  2.6441e-02,  3.0072e-02],
          [ 4.6720e-02,  4.7758e-02,  5.3416e-02],
          [ 2.6506e-02, -3.4220e-02,  4.1409e-02]],
         [[-4.1341e-02,  3.1067e-02,  4.7208e-02],
          [ 5.0742e-02,  1.8344e-02,  2.0956e-02],
          [ 4.5987e-02, -2.2701e-02,  3.6087e-02]],
         ...,
         [[ 1.0128e-02, -1.5720e-02,  5.4400e-02],
          [-2.7583e-02, -1.3254e-02,  3.5080e-02],
          [-2.0825e-02, -4.6509e-03,  3.9106e-02]],
         [[ 3.4538e-03,  2.0721e-02, -5.8793e-02],
          [-1.0013e-02, -9.3292e-03, -2.0181e-02],
          [-3.0744e-02, -5.6346e-02,  2.7449e-02]],
         [[ 7.5387e-04,  4.1278e-02,  2.4856e-02],
          [ 4.0323e-03, -4.1582e-02, -5.5966e-02],
          [-4.3012e-02, -3.4401e-02, -1.8992e-02]]],
        [[[-4.0743e-02, -4.8601e-02, -1.1507e-02],
          [ 3.4363e-02,  3.6524e-02, -5.3855e-02],
          [ 3.7469e-02,  3.9363e-02,  2.0832e-03]],
         [[ 9.2677e-03, -2.9791e-02,  3.6797e-02],
          [ 5.4620e-02,  2.4200e-03, -5.1252e-02],
          [-4.3651e-02, -4.6004e-02, -2.4818e-02]],
         [[ 2.8814e-03,  2.2753e-02, -1.8210e-02],
          [ 2.5107e-02, -4.0604e-02, -3.6105e-02],
          [ 5.2213e-02, -4.8531e-02, -3.2689e-02]],
         ...,
         [[ 4.8500e-02, -5.7302e-02,  3.5666e-02],
          [ 7.7954e-03,  4.4845e-02,  1.4996e-04],
          [ 1.9949e-02,  5.0085e-03,  1.2380e-02]],
         [[-4.3975e-02, -3.5775e-02,  5.3282e-02],
          [-4.4200e-02,  2.9724e-02, -4.4592e-02],
          [-1.7836e-02, -5.8566e-02,  4.7755e-02]],
         [[-5.1465e-02,  3.4595e-02, -1.6465e-02],
          [ 1.1695e-02, -2.6268e-02, -1.3940e-02],
          [-3.1091e-02, -9.3621e-03, -4.0534e-03]]],
        [[[-7.5444e-03, -2.5718e-02,  6.9073e-03],
          [ 5.5606e-02,  2.9561e-02, -3.9069e-02],
          [-2.4285e-03,  3.7197e-02, -2.7521e-02]],
         [[ 4.0917e-02,  4.6608e-02, -4.3399e-02],
          [ 2.2879e-02, -5.3947e-02, -2.0123e-02],
          [ 4.9400e-02, -2.1919e-02,  4.2533e-02]],
         [[-4.8222e-02, -8.7564e-03,  5.2818e-02],
          [-5.8274e-02, -9.0298e-03,  2.0120e-02],
          [ 1.4740e-02,  4.1241e-02,  5.2612e-02]],
         ...,
         [[ 5.8469e-02,  2.2553e-02,  4.4530e-02],
          [ 3.7936e-04, -4.9243e-02, -4.2329e-02],
          [-2.3613e-02, -4.0130e-02,  5.5079e-02]],
         [[-2.7097e-02, -2.1065e-02,  5.5461e-02],
          [-4.7926e-02,  1.6476e-02, -4.1333e-02],
          [-2.6296e-02, -9.1941e-03,  4.0959e-02]],
         [[ 2.4828e-02, -1.1501e-03, -5.8480e-02],
          [ 2.8647e-03, -3.7670e-02,  3.8918e-02],
          [ 5.0368e-02, -3.0562e-02, -3.7940e-02]]],
        ...,
        [[[-4.0136e-02, -5.5245e-02,  2.6017e-02],
          [-5.9869e-03, -5.5811e-02, -7.8657e-03],
          [-3.5453e-02,  1.2808e-02, -2.0164e-02]],
         [[ 8.6405e-03,  2.0910e-02, -2.2461e-02],
          [-4.3879e-02, -4.6148e-02,  1.0475e-02],
          [ 3.5909e-02, -3.6017e-02, -1.0076e-02]],
         [[-1.9659e-02,  1.7305e-02,  4.2521e-02],
          [-4.6911e-02,  2.5347e-02, -2.0469e-02],
          [-5.4349e-02,  4.3597e-02, -3.2045e-02]],
         ...,
         [[-7.0468e-03,  2.2182e-02, -2.2261e-02],
          [-9.4114e-03,  5.4927e-02,  3.8324e-02],
          [-1.7815e-02,  3.7583e-02, -7.8890e-03]],
         [[-1.2751e-02, -7.8732e-03,  5.2606e-02],
          [-3.3500e-02,  2.7864e-02,  3.6502e-02],
          [ 4.8117e-02,  5.0414e-02, -4.9170e-02]],
         [[ 6.8897e-03,  1.1206e-02,  3.6613e-02],
          [ 6.1555e-04,  4.2400e-02, -3.4427e-02],
          [ 3.2194e-02,  3.2851e-02, -2.5292e-02]]],
        [[[-5.3345e-02, -4.6687e-03, -4.6039e-02],
          [-2.7747e-02,  3.2647e-02,  4.2287e-02],
          [ 1.5131e-02, -1.7589e-02,  4.4766e-03]],
         [[-3.7227e-02,  3.2598e-02, -2.0610e-02],
          [-1.1855e-02,  3.9818e-02, -4.1353e-02],
          [-5.2682e-03, -3.3027e-02,  4.0245e-02]],
         [[ 5.1901e-02,  1.8040e-02,  5.4267e-02],
          [ 3.9659e-02, -4.6343e-02,  3.0895e-02],
          [ 2.2425e-02,  4.7574e-02,  5.4732e-02]],
         ...,
         [[ 3.5531e-02, -1.3462e-02,  4.7674e-02],
          [ 5.7774e-02, -4.6927e-02,  2.5299e-02],
          [-4.1138e-03,  3.3475e-02,  7.6756e-03]],
         [[-3.6456e-02,  3.2373e-02, -5.4719e-02],
          [ 2.2652e-02, -2.7674e-02, -4.2685e-02],
          [-5.7976e-02, -8.5657e-03, -5.5515e-02]],
         [[-1.5423e-02,  1.6830e-02,  5.6350e-03],
          [-2.8214e-02,  4.3218e-02, -1.9316e-02],
          [ 2.7318e-02,  2.4477e-02,  4.1353e-02]]],
        [[[-4.2734e-02, -3.8663e-02, -7.9708e-03],
          [-3.7358e-02,  5.7217e-02,  2.0674e-02],
          [-5.7593e-02, -2.3384e-05,  3.7298e-02]],
         [[ 4.2121e-02,  5.4537e-02,  3.7570e-02],
          [ 2.2669e-02, -2.8553e-02, -4.0620e-02],
          [-4.6549e-02, -4.9504e-02, -2.1176e-02]],
         [[-3.4028e-02, -7.4385e-03, -1.2437e-02],
          [ 4.1931e-02, -3.2023e-02, -1.0012e-03],
          [-1.3453e-02,  3.9733e-02, -5.6223e-02]],
         ...,
         [[-4.1622e-02,  2.1540e-02, -3.8625e-02],
          [ 5.8854e-02,  3.9232e-02, -1.8745e-02],
          [-2.7524e-02, -4.0608e-05, -1.7795e-02]],
         [[-5.8104e-02, -5.6084e-02, -4.7744e-03],
          [ 5.0310e-03, -4.7267e-02, -1.5543e-02],
          [ 5.2965e-03, -1.1596e-02, -3.9945e-02]],
         [[-3.8515e-02,  5.4331e-02,  2.9524e-02],
          [ 2.2547e-02,  4.6060e-02,  2.9395e-02],
          [ 3.3938e-02,  1.2054e-02, -2.9052e-02]]]], device='cuda:0')
> /home/aiotlab/projects/cuongdm/MEC1/mec.py(111)<module>()
-> for name, param in model.named_parameters():
(Pdb) n
> /home/aiotlab/projects/cuongdm/MEC1/mec.py(112)<module>()
-> if param.requires_grad:
(Pdb) n
> /home/aiotlab/projects/cuongdm/MEC1/mec.py(113)<module>()
-> print (name, param.data)
         [[-0.1641]],
model.conv2.bias tensor([ 1.0321e-02, -5.6323e-02, -4.5456e-02, -4.2574e-02, -5.2808e-02,
         1.9344e-02,  4.4196e-02, -2.8638e-02,  9.7487e-03, -3.5450e-03,
        -2.2779e-04, -4.2630e-02,  2.6615e-02, -6.8341e-05,  2.5840e-02,
         1.2029e-02], device='cuda:0')
> /home/aiotlab/projects/cuongdm/MEC1/mec.py(111)<module>()
-> for name, param in model.named_parameters():
(Pdb) n
> /home/aiotlab/projects/cuongdm/MEC1/mec.py(112)<module>()
-> if param.requires_grad:
(Pdb) n
> /home/aiotlab/projects/cuongdm/MEC1/mec.py(113)<module>()
-> print (name, param.data)
(Pdb) n
model.conv3.weight tensor([[[[-0.0813]],
         [[-0.2225]],
         [[ 0.1054]],
         [[-0.0294]],
         [[ 0.1869]],
         [[ 0.2312]],
         [[-0.1132]],
         [[-0.2183]],
         [[ 0.1730]],
         [[ 0.1692]],
         [[-0.1436]],
         [[ 0.1034]],
         [[-0.0719]],
         [[ 0.1736]],
         [[ 0.2050]],
         [[-0.1943]]],
        [[[ 0.1070]],
         [[-0.1048]],
         [[-0.1816]],
         [[-0.1848]],
         [[-0.0599]],
         [[ 0.1354]],
         [[-0.0596]],
         [[ 0.2477]],
         [[ 0.0217]],
         [[-0.0804]],
         [[ 0.0007]],
         [[ 0.2118]],
         [[ 0.0407]],
         [[-0.2437]],
         [[-0.2064]],
         [[ 0.0939]]],
        [[[ 0.2049]],
         [[-0.0355]],
         [[ 0.0558]],
         [[-0.1311]],
         [[ 0.1575]],
         [[-0.1184]],
         [[ 0.0709]],
         [[ 0.0776]],
         [[-0.0664]],
         [[-0.0398]],
         [[-0.0410]],
         [[ 0.0466]],
         [[ 0.1934]],
         [[-0.2139]],
         [[ 0.1704]],
         [[-0.0330]]],
        [[[-0.1745]],
         [[-0.2413]],
         [[ 0.0588]],
         [[-0.1006]],
         [[-0.0196]],
         [[-0.1689]],
         [[-0.0343]],
         [[-0.2241]],
         [[ 0.1476]],
         [[ 0.1114]],
         [[ 0.2089]],
         [[ 0.0131]],
         [[ 0.1106]],
         [[ 0.0271]],
         [[-0.1162]],
         [[-0.2049]]],
        [[[ 0.0491]],
         [[-0.1011]],
         [[ 0.1605]],
         [[-0.0451]],
         [[-0.2263]],
         [[-0.0048]],
         [[ 0.2331]],
         [[ 0.2326]],
         [[-0.1812]],
         [[ 0.1305]],
         [[ 0.1409]],
         [[-0.1437]],
         [[-0.1641]],
         [[ 0.0833]],
         [[-0.1898]],
         [[ 0.0707]]],
        [[[-0.0022]],
         [[-0.1323]],
         [[ 0.1685]],
         [[-0.1803]],
         [[ 0.0906]],
         [[ 0.2399]],
         [[-0.0192]],
         [[ 0.0227]],
         [[-0.0148]],
         [[-0.0834]],
         [[ 0.1703]],
         [[ 0.0818]],
         [[-0.1618]],
         [[ 0.0561]],
         [[-0.0615]],
         [[ 0.1082]]],
        [[[ 0.0106]],
         [[ 0.0938]],
         [[ 0.2308]],
         [[-0.0895]],
         [[-0.0571]],
         [[-0.0942]],
         [[-0.1020]],
         [[ 0.1450]],
         [[ 0.2070]],
         [[-0.0493]],
         [[-0.0872]],
         [[ 0.1483]],
         [[ 0.0643]],
         [[-0.0399]],
         [[ 0.2144]],
         [[ 0.2060]]],
        [[[ 0.1457]],
         [[ 0.0918]],
         [[ 0.0545]],
         [[ 0.1132]],
         [[ 0.0602]],
         [[ 0.2397]],
         [[ 0.1204]],
         [[ 0.0886]],
         [[-0.0873]],
         [[ 0.0300]],
         [[ 0.1096]],
         [[-0.2296]],
         [[-0.0718]],
         [[-0.0438]],
         [[-0.1195]],
         [[-0.1929]]]], device='cuda:0')
> /home/aiotlab/projects/cuongdm/MEC1/mec.py(111)<module>()
-> for name, param in model.named_parameters():
(Pdb) n
> /home/aiotlab/projects/cuongdm/MEC1/mec.py(112)<module>()
-> if param.requires_grad:
(Pdb) n
> /home/aiotlab/projects/cuongdm/MEC1/mec.py(113)<module>()
-> print (name, param.data)
(Pdb) n
model.conv3.bias tensor([ 0.1831, -0.0222, -0.1331, -0.1990,  0.1252, -0.0151, -0.1080, -0.1978],
       device='cuda:0')
> /home/aiotlab/projects/cuongdm/MEC1/mec.py(111)<module>()
-> for name, param in model.named_parameters():
(Pdb) n
> /home/aiotlab/projects/cuongdm/MEC1/mec.py(112)<module>()
-> if param.requires_grad:
(Pdb) n
> /home/aiotlab/projects/cuongdm/MEC1/mec.py(113)<module>()
-> print (name, param.data)
(Pdb)
(Pdb) n
(Pdb) n
(Pdb) n
(Pdb) n
(Pdb) n
(Pdb) n
(Pdb) n
(Pdb) n
(Pdb) n
(Pdb) n
(Pdb) n
(Pdb) n
(Pdb) n
(Pdb) n
(Pdb) n
(Pdb) n
(Pdb) n
Traceback (most recent call last):
  File "mec.py", line 117, in <module>
    for name, param in model.named_parameters():
  File "mec.py", line 117, in <module>
    for name, param in model.named_parameters():
  File "/home/aiotlab/anaconda3/lib/python3.8/bdb.py", line 88, in trace_dispatch
    return self.dispatch_line(frame)
  File "/home/aiotlab/anaconda3/lib/python3.8/bdb.py", line 113, in dispatch_line
    if self.quitting: raise BdbQuit
bdb.BdbQuit
(Pdb) n